<?xml version="1.0" encoding="utf-8"?><testsuites><testsuite name="pytest" errors="0" failures="0" skipped="1" tests="5" time="35.391" timestamp="2025-05-27T16:37:50.020013+06:00" hostname="L-BKASH-3557-ub"><testcase classname="test_example" name="test_check_title[https://playwright.dev]" time="4.743" /><testcase classname="test_example" name="test_basic_playwright" time="4.344" /><testcase classname="test_example" name="test_login[student-Password123]" time="10.978" /><testcase classname="test_agent_CMS" name="test_agent_cms[sakiba.audacityit@bkash.com-Sehreen@7654321]" time="15.249" /><testcase classname="test_example" name="test_not_ready" time="0.001"><skipped type="pytest.skip" message="Not ready yet">/home/sakiba.audacityit_bKash.com/Documents/Playwright_Pytest/test_example.py:26: Not ready yet</skipped></testcase></testsuite></testsuites>